[dotenv@17.2.4] injecting env (1) from .env -- tip: ≡ƒôí add observability to secrets: https://dotenvx.com/ops
node : D:\web-collab-portal\backend\
node_modules\express\lib\router\rout
e.js:216
At line:1 char:1
+ node server.js > error.log 2>&1
+ ~~~~~~~~~~~~~~~~~~~~~~~~~~~~~~~
    + CategoryInfo          : NotSp 
   ecified: (D:\web-collab-p...er\  
  route.js:216:String) [], Remote   
 Exception
    + FullyQualifiedErrorId : Nativ 
   eCommandError
 
        throw new Error(msg);
        ^

Error: Route.get() requires a 
callback function but got a [object 
Object]
    at Route.<computed> [as get] (D:
\web-collab-portal\backend\node_modu
les\express\lib\router\route.js:216:
15)
    at proto.<computed> [as get] (D:
\web-collab-portal\backend\node_modu
les\express\lib\router\index.js:521:
19)
    at Object.<anonymous> (D:\web-co
llab-portal\backend\routes\userRoute
s.js:9:8)
    at Module._compile (node:interna
l/modules/cjs/loader:1760:14)
    at Object..js (node:internal/mod
ules/cjs/loader:1893:10)
    at Module.load (node:internal/mo
dules/cjs/loader:1480:32)
    at Module._load (node:internal/m
odules/cjs/loader:1299:12)
    at TracingChannel.traceSync 
(node:diagnostics_channel:328:14)
    at wrapModuleLoad (node:internal
/modules/cjs/loader:244:24)
    at Module.require (node:internal
/modules/cjs/loader:1503:12)

Node.js v24.11.0
㉛㈰ⴶ㌰〭吶㐰㈺㨴㘴㐮㤲嵚倠呕⼠灡⽩慴歳⽳ㄲ猯慴畴⁳‭〵㨰䐠瑡⁡牴湵慣整⁤潦⁲潣畬湭✠瑳瑡獵‧瑡爠睯ㄠ嬊〲㘲〭ⴳ㘰ご㨴㐲㔺⸹㔹娴⁝啐⁔愯楰琯獡獫㈯⼱瑳瑡獵ⴠ㔠〰›慄慴琠畲据瑡摥映牯挠汯浵⁮猧慴畴❳愠⁴潲⁷਱㉛㈰ⴶ㌰〭吶㐰㈺㨶㌱㘮〱嵚倠呕⼠灡⽩慴歳⽳⼶瑳瑡獵ⴠ㔠〰›慄慴琠畲据瑡摥映牯挠汯浵⁮猧慴畴❳愠⁴潲⁷਱㉛㈰ⴶ㌰〭吶㔰㈺㨱㌰㠮㠲嵚倠呕⼠灡⽩慴歳⽳㘵猯慴畴⁳‭〵㨰䐠瑡⁡牴湵慣整⁤潦⁲潣畬湭✠瑳瑡獵‧瑡爠睯ㄠ嬊〲㘲〭ⴳ㘰ご㨵㐳ㄺ⸱㤲娱⁝啐⁔愯楰琯獡獫㈯猯慴畴⁳‭〵㨰䐠瑡⁡牴湵慣整⁤潦⁲潣畬湭✠瑳瑡獵‧瑡爠睯ㄠ嬊〲㘲〭ⴳ㘰ご㨵㐳㐺⸳㠷娲⁝啐⁔愯楰琯獡獫㌯猯慴畴⁳‭〵㨰䐠瑡⁡牴湵慣整⁤潦⁲潣畬湭✠瑳瑡獵‧瑡爠睯ㄠ
